// Jest Snapshot v1, https://goo.gl/fbAQLP

exports[`updateOrderAndLevel should handle deeply nested levels 1`] = `
[
  {
    "children": [
      {
        "children": [
          {
            "children": [
              {
                "children": [],
                "id": 4,
                "level": 3,
                "order": 0,
              },
            ],
            "id": 3,
            "level": 2,
            "order": 0,
          },
        ],
        "id": 2,
        "level": 1,
        "order": 0,
      },
    ],
    "id": 1,
    "level": 0,
    "order": 0,
  },
]
`;
